=== RUN   TestIntegrationSuite
	=== RUN   subset1/01-boolean/equal2-v.bal
	=== RUN   subset1/01-boolean/not4-v.bal
	=== RUN   io_test.bal
	=== RUN   subset1/01-boolean/equal1-v.bal
	=== RUN   subset3/03-langlib/2-e.bal
	=== RUN   subset1/01-boolean/order1-v.bal
	=== RUN   subset1/01-boolean/order2-v.bal
	=== RUN   subset1/01-function/1-v.bal
	=== RUN   subset1/01-boolean/not1-e.bal
	=== RUN   subset1/01-boolean/equal3-v.bal
	=== RUN   subset1/01-function/assign1-e.bal
	=== RUN   subset1/01-boolean/not2-v.bal
	=== RUN   subset1/01-int/sub2-v.bal
	=== RUN   subset1/01-boolean/not3-e.bal
	=== RUN   subset1/01-int/unary-v.bal
	=== RUN   subset2/02-equal/5-v.bal
	=== RUN   subset2/02-equal/6-v.bal
	=== RUN   subset1/01-loop/break1-e.bal
	=== RUN   subset2/02-equal/7-v.bal
	=== RUN   subset2/02-type/cyclic-e.bal
	=== RUN   subset2/02-type/cyclic-v.bal
	=== RUN   subset2/02-reachability/loop3-e.bal
	=== RUN   subset2/02-type/cyclic2-v.bal
	=== RUN   subset1/01-loop/break2-v.bal
	=== RUN   subset2/02-typecast/1-e.bal
	=== RUN   subset1/01-loop/break3-v.bal
	=== RUN   subset2/02-typecast/2-p.bal
	=== RUN   subset1/01-loop/break5-v.bal
	=== RUN   subset2/02-any/4-v.bal
	=== RUN   subset1/01-int/sub3-v.bal
	=== RUN   subset1/01-loop/continue2-v.bal
	=== RUN   subset1/01-loop/while01-e.bal
	=== RUN   subset1/01-loop/continue1-e.bal
	=== RUN   subset1/01-function/assign10-e.bal
	=== RUN   subset1/01-function/assign11-e.bal
	=== RUN   subset2/02-typecast/3-v.bal
	=== RUN   subset1/01-loop/while02-v.bal
	=== RUN   subset2/02-reachability/loop2-v.bal
	=== RUN   subset2/02-equal/8-v.bal
	=== RUN   subset2/02-error-constructor/error-constructor-no-args-e.bal
	=== RUN   subset2/02-error-constructor/error-constructor-non-error-cause-e.bal
	=== RUN   subset2/02-error-constructor/error-constructor-non-string-message-e.bal
	=== RUN   subset1/01-loop/while10-v.bal
	=== RUN   subset2/02-typecast/4-e.bal
	=== RUN   subset1/01-loop/break4-v.bal
	=== RUN   subset2/02-error-constructor/error-constructor-too-many-args-e.bal
	=== RUN   subset1/01-misc/equal-v.bal
	=== RUN   subset2/02-finite-type/bool1-v.bal
	=== RUN   subset1/01-nil/equal-v.bal
	=== RUN   subset2/02-finite-type/func1-v.bal
	=== RUN   subset2/02-any/5-v.bal
	=== RUN   subset1/01-nil/rel-v.bal
	=== RUN   subset2/02-finite-type/int1-v.bal
	=== RUN   subset2/02-any/1-v.bal
	=== RUN   subset2/02-bitwise/and1-e.bal
	=== RUN   subset2/02-finite-type/union1-v.bal
	=== RUN   subset2/02-any/3-v.bal
	=== RUN   subset2/02-any/2-v.bal
	=== RUN   subset2/02-bitwise/and2-v.bal
	=== RUN   subset2/02-function/assign-e.bal
	=== RUN   subset2/02-bitwise/or1-e.bal
	=== RUN   subset2/02-function/main1-e.bal
	=== RUN   subset2/02-function/main2-e.bal
	=== RUN   subset1/01-function/assign2-v.bal
	=== RUN   subset1/01-loop/while04-v.bal
	=== RUN   subset2/02-typecast/5-v.bal
	=== RUN   subset1/01-loop/while03-e.bal
	=== RUN   subset2/02-bitwise/or2-v.bal
	=== RUN   subset1/01-loop/while06-v.bal
	=== RUN   subset2/02-bitwise/or3-e.bal
	=== RUN   subset1/01-loop/while05-v.bal
	=== RUN   subset2/02-lib/1-v.bal
	=== RUN   subset1/01-function/call09-e.bal
	=== RUN   subset1/01-function/assign4-v.bal
	=== RUN   subset1/01-function/assign3-e.bal
	=== RUN   subset1/01-function/call08-v.bal
	=== RUN   subset1/01-function/call06-v.bal
	=== RUN   subset1/01-function/call11-e.bal
	=== RUN   subset1/01-ifelse/9-v.bal
	=== RUN   subset1/01-int/add1-e.bal
	=== RUN   subset1/01-function/return6-e.bal
	=== RUN   subset1/01-function/return7-e.bal
	=== RUN   subset1/01-int/add2-p.bal
	=== RUN   subset1/01-int/add3-v.bal
	=== RUN   subset1/01-int/compound-assign-v.bal
	=== RUN   subset1/01-int/add5-v.bal
	=== RUN   subset1/01-function/call10-v.bal
	=== RUN   subset1/01-ifelse/2-v.bal
	=== RUN   subset2/02-dataflow/simple2-e.bal
	=== RUN   subset1/01-int/add7-v.bal
	=== RUN   subset1/01-ifelse/1-e.bal
	=== RUN   subset1/01-ifelse/4-v.bal
	=== RUN   subset1/01-int/add8-v.bal
	=== RUN   subset1/01-function/return4-e.bal
	=== RUN   subset1/01-int/add4-v.bal
	=== RUN   subset1/01-ifelse/3-v.bal
	=== RUN   subset1/01-function/return2-e.bal
	=== RUN   subset2/02-dataflow/if3-e.bal
	=== RUN   subset1/01-loop/while07-v.bal
	=== RUN   subset2/02-bitwise/xor1-v.bal
	=== RUN   subset2/02-bitwise/xor2-e.bal
	=== RUN   subset1/01-loop/while08-v.bal
	=== RUN   subset2/02-dataflow/if-v.bal
	=== RUN   subset1/01-int/add6-v.bal
	=== RUN   subset1/01-function/assign5-e.bal
	--- [32mPASS[0m: subset1/01-function/assign5-e.bal
	=== RUN   subset2/02-equal/3-v.bal
	--- [32mPASS[0m: subset1/01-ifelse/4-v.bal
	=== RUN   subset2/02-misc/stackoverflow-p.bal
	--- [32mPASS[0m: subset1/01-int/add8-v.bal
	--- [32mPASS[0m: subset2/02-equal/3-v.bal
	--- [32mPASS[0m: subset2/02-typecast/4-e.bal
	--- [32mPASS[0m: subset1/01-int/add3-v.bal
	--- [32mPASS[0m: subset3/03-langlib/2-e.bal
	--- [32mPASS[0m: subset2/02-error-constructor/error-constructor-non-error-cause-e.bal
	--- [32mPASS[0m: subset2/02-equal/8-v.bal
	--- [32mPASS[0m: subset2/02-misc/stackoverflow-p.bal
	--- [32mPASS[0m: subset1/01-loop/break5-v.bal
	=== RUN   subset1/01-int/op1-v.bal
	--- [32mPASS[0m: subset1/01-loop/while10-v.bal
	=== RUN   subset1/01-int/const1-v.bal
	=== RUN   subset1/01-int/const2-v.bal
	--- [32mPASS[0m: subset1/01-int/add4-v.bal
	=== RUN   subset2/02-dataflow/if2-e.bal
	--- [32mPASS[0m: subset2/02-error-constructor/error-constructor-too-many-args-e.bal
	=== RUN   subset1/01-int/div1-p.bal
	--- [32mPASS[0m: subset1/01-int/const1-v.bal
	--- [32mPASS[0m: subset2/02-error-constructor/error-constructor-non-string-message-e.bal
	=== RUN   subset1/01-int/order07-v.bal
	--- [32mPASS[0m: subset1/01-int/div1-p.bal
	--- [32mPASS[0m: subset1/01-int/const2-v.bal
	--- [32mPASS[0m: subset1/01-loop/break4-v.bal
	--- [32mPASS[0m: subset2/02-dataflow/if2-e.bal
	=== RUN   subset1/01-int/div3-p.bal
	=== RUN   subset1/01-int/div4-v.bal
	--- [32mPASS[0m: subset1/01-int/op1-v.bal
	=== RUN   subset1/01-int/op2-v.bal
	=== RUN   subset1/01-int/div5-v.bal
	=== RUN   subset1/01-int/optional-v.bal
	=== RUN   subset1/01-int/order01-v.bal
	=== RUN   subset1/01-int/order02-v.bal
	--- [32mPASS[0m: subset1/01-int/div3-p.bal
	--- [32mPASS[0m: subset2/02-finite-type/bool1-v.bal
	=== RUN   subset1/01-int/order03-v.bal
	=== RUN   subset1/01-int/order04-v.bal
	=== RUN   subset1/01-int/order05-v.bal
	=== RUN   subset1/01-int/order06-v.bal
	=== RUN   subset1/01-int/order08-v.bal
	=== RUN   subset1/01-int/order09-v.bal
	=== RUN   subset1/01-int/rem3-v.bal
	=== RUN   subset1/01-int/rem2-v.bal
	=== RUN   subset1/01-int/mul3-v.bal
	=== RUN   subset1/01-int/mul2-v.bal
	=== RUN   subset1/01-int/equal3-v.bal
	=== RUN   subset1/01-int/literal-e.bal
	=== RUN   subset1/01-int/neg-v.bal
	=== RUN   subset1/01-int/mul1-v.bal
	=== RUN   subset1/01-int/negate-e.bal
	=== RUN   subset1/01-int/equal1-v.bal
	=== RUN   subset1/01-int/mod-v.bal
	=== RUN   subset1/01-function/call07-e.bal
	=== RUN   subset2/02-misc/stack-v.bal
	=== RUN   subset2/02-dataflow/simple-e.bal
	=== RUN   subset2/02-dataflow/while-e.bal
	=== RUN   subset2/02-dataflow/while2-e.bal
	=== RUN   subset2/02-equal/1-e.bal
	=== RUN   subset2/02-equal/2-e.bal
	=== RUN   subset2/02-equal/4-e.bal
	=== RUN   subset1/01-loop/while09-v.bal
	=== RUN   subset2/02-nil/return-v.bal
	=== RUN   subset2/02-typecast/8-e.bal
	=== RUN   subset1/01-function/return5-e.bal
	--- [32mPASS[0m: subset1/01-function/assign1-e.bal
	--- [32mPASS[0m: subset2/02-function/main1-e.bal
	=== RUN   subset1/01-int/order10-v.bal
	--- [32mPASS[0m: subset1/01-boolean/not1-e.bal
	=== RUN   subset2/02-typecast/9-e.bal
	--- [32mPASS[0m: subset2/02-bitwise/and1-e.bal
	=== RUN   subset2/02-typecast/numeric-conversion2-e.bal
	--- [32mPASS[0m: subset2/02-typecast/numeric-conversion2-e.bal
	=== RUN   subset3/03-float/literal-1-v.bal
	=== RUN   subset1/01-int/rem4-v.bal
	=== RUN   subset1/01-int/sub1-v.bal
	=== RUN   subset1/01-function/call13-e.bal
	=== RUN   subset2/02-typecast/numeric-conversion-v.bal
	=== RUN   subset1/01-function/assign6-e.bal
	=== RUN   subset3/03-function/call-v.bal
	=== RUN   subset3/03-int/literal-1-v.bal
	=== RUN   subset3/03-langlib/1-e.bal
	=== RUN   subset2/02-reachability/const1-e.bal
	=== RUN   subset2/02-reachability/const2-e.bal
	=== RUN   subset2/02-reachability/loop1-e.bal
	=== RUN   subset2/02-typecast/6-e.bal
	=== RUN   subset1/01-function/call14-v.bal
	=== RUN   subset1/01-function/call15-e.bal
	=== RUN   subset1/01-function/call16-v.bal
	=== RUN   subset1/01-function/return3-e.bal
	=== RUN   subset1/01-function/assign7-e.bal
	=== RUN   subset1/01-function/assign8-v.bal
	=== RUN   subset1/01-function/assign9-v.bal
	=== RUN   subset1/01-function/call01-e.bal
	=== RUN   subset1/01-function/call02-v.bal
	=== RUN   subset1/01-function/call03-e.bal
	=== RUN   subset1/01-function/return1-e.bal
	=== RUN   subset1/01-function/call12-v.bal
	=== RUN   subset1/01-int/equal2-v.bal
	--- [32mPASS[0m: subset1/01-function/return4-e.bal
	--- [32mPASS[0m: subset1/01-function/call13-e.bal
	--- [32mPASS[0m: subset1/01-function/assign10-e.bal
	--- [32mPASS[0m: subset1/01-int/literal-e.bal
	--- [32mPASS[0m: subset1/01-function/call15-e.bal
	=== RUN   subset3/03-function/direct-call-v.bal
	--- [32mPASS[0m: subset2/02-dataflow/simple2-e.bal
	--- [32mPASS[0m: subset3/03-float/literal-1-v.bal
	=== RUN   subset1/01-int/div2-v.bal
	=== RUN   subset1/01-function/call05-e.bal
	=== RUN   subset1/01-int/rem1-p.bal
	=== RUN   subset2/02-typecast/7-v.bal
	=== RUN   subset1/01-function/call04-v.bal
	=== RUN   subset1/01-ifelse/5-v.bal
	=== RUN   subset1/01-int/add9-v.bal
	=== RUN   subset1/01-int/bin-v.bal
	=== RUN   subset1/01-int/compound-assign-e.bal
	=== RUN   subset1/01-ifelse/6-v.bal
	=== RUN   subset1/01-ifelse/8-v.bal
	=== RUN   subset1/01-ifelse/7-v.bal
	--- [32mPASS[0m: subset2/02-reachability/loop1-e.bal
	--- [32mPASS[0m: subset1/01-function/assign7-e.bal
	--- [32mPASS[0m: subset2/02-bitwise/or1-e.bal
	--- [32mPASS[0m: subset1/01-loop/continue1-e.bal
	--- [32mPASS[0m: subset1/01-function/call02-v.bal
	=== RUN   subset2/02-nil/equal-v.bal
	--- [32mPASS[0m: subset1/01-function/assign9-v.bal
	--- [32mPASS[0m: subset2/02-typecast/numeric-conversion-v.bal
	--- [32mPASS[0m: subset1/01-loop/break1-e.bal
	--- [32mPASS[0m: subset2/02-bitwise/and2-v.bal
	--- [32mPASS[0m: subset2/02-finite-type/union1-v.bal
	--- [32mPASS[0m: subset1/01-int/equal3-v.bal
	--- [32mPASS[0m: subset1/01-boolean/not3-e.bal
	--- [32mPASS[0m: subset2/02-any/2-v.bal
	--- [32mPASS[0m: subset2/02-bitwise/xor2-e.bal
	--- [32mPASS[0m: subset1/01-int/add1-e.bal
	--- [32mPASS[0m: subset1/01-function/assign3-e.bal
	--- [32mPASS[0m: subset1/01-function/call11-e.bal
	--- [32mPASS[0m: subset2/02-reachability/const1-e.bal
	--- [32mPASS[0m: subset2/02-reachability/loop3-e.bal
	--- [32mPASS[0m: subset3/03-langlib/1-e.bal
	--- [32mPASS[0m: subset2/02-type/cyclic-e.bal
	--- [32mPASS[0m: subset1/01-int/div2-v.bal
	--- [32mPASS[0m: subset1/01-function/assign11-e.bal
	--- [32mPASS[0m: subset1/01-int/sub2-v.bal
	--- [32mPASS[0m: subset2/02-bitwise/or3-e.bal
	--- [32mPASS[0m: subset1/01-function/return2-e.bal
	--- [32mPASS[0m: subset2/02-finite-type/func1-v.bal
	--- [32mPASS[0m: subset1/01-loop/while02-v.bal
	--- [32mPASS[0m: subset1/01-int/order01-v.bal
	--- [32mPASS[0m: subset1/01-loop/while08-v.bal
	--- [32mPASS[0m: subset1/01-boolean/not2-v.bal
	--- [32mPASS[0m: subset2/02-reachability/const2-e.bal
	--- [32mPASS[0m: subset1/01-function/call10-v.bal
	--- [32mPASS[0m: subset1/01-int/optional-v.bal
	--- [32mPASS[0m: subset2/02-typecast/9-e.bal
	--- [32mPASS[0m: subset2/02-finite-type/int1-v.bal
	--- [32mPASS[0m: subset1/01-function/assign6-e.bal
	--- [32mPASS[0m: subset1/01-int/equal2-v.bal
	--- [32mPASS[0m: subset2/02-equal/6-v.bal
	--- [32mPASS[0m: subset2/02-misc/stack-v.bal
	--- [32mPASS[0m: subset1/01-function/call01-e.bal
	--- [32mPASS[0m: subset1/01-int/add2-p.bal
	--- [32mPASS[0m: subset2/02-dataflow/if3-e.bal
	--- [32mPASS[0m: subset1/01-int/div5-v.bal
	--- [32mPASS[0m: subset1/01-int/order06-v.bal
	--- [32mPASS[0m: subset1/01-boolean/equal2-v.bal
	--- [32mPASS[0m: subset1/01-boolean/order1-v.bal
	--- [32mPASS[0m: subset2/02-type/cyclic2-v.bal
	--- [32mPASS[0m: subset2/02-type/cyclic-v.bal
	--- [32mPASS[0m: subset2/02-equal/5-v.bal
	--- [32mPASS[0m: subset1/01-misc/equal-v.bal
	--- [32mPASS[0m: subset1/01-int/equal1-v.bal
	--- [32mPASS[0m: subset1/01-function/call09-e.bal
	--- [32mPASS[0m: subset1/01-nil/equal-v.bal
	--- [32mPASS[0m: subset2/02-typecast/2-p.bal
	--- [32mPASS[0m: subset2/02-function/main2-e.bal
	--- [32mPASS[0m: subset2/02-bitwise/or2-v.bal
	--- [32mPASS[0m: subset1/01-int/mul3-v.bal
	--- [32mPASS[0m: subset1/01-int/order07-v.bal
	--- [32mPASS[0m: subset1/01-function/return6-e.bal
	--- [32mPASS[0m: subset1/01-int/mul2-v.bal
	--- [32mPASS[0m: subset1/01-ifelse/3-v.bal
	--- [32mPASS[0m: subset2/02-typecast/6-e.bal
	--- [32mPASS[0m: subset1/01-int/sub1-v.bal
	--- [32mPASS[0m: subset1/01-function/assign4-v.bal
	--- [32mPASS[0m: subset1/01-function/assign8-v.bal
	--- [32mPASS[0m: subset1/01-function/call03-e.bal
	--- [32mPASS[0m: subset1/01-function/call14-v.bal
	--- [32mPASS[0m: subset1/01-int/order04-v.bal
	--- [32mPASS[0m: subset2/02-typecast/5-v.bal
	--- [32mPASS[0m: subset1/01-int/order02-v.bal
	--- [32mPASS[0m: subset1/01-int/rem3-v.bal
	--- [32mPASS[0m: subset1/01-int/div4-v.bal
	--- [32mPASS[0m: subset1/01-ifelse/1-e.bal
	--- [32mPASS[0m: subset1/01-boolean/not4-v.bal
	--- [32mPASS[0m: subset1/01-function/return3-e.bal
	--- [32mPASS[0m: subset1/01-ifelse/5-v.bal
	--- [32mPASS[0m: subset1/01-loop/while04-v.bal
	--- [32mPASS[0m: subset1/01-function/return7-e.bal
	--- [32mPASS[0m: subset1/01-int/order09-v.bal
	--- [32mPASS[0m: subset1/01-loop/while06-v.bal
	--- [32mPASS[0m: subset1/01-function/call07-e.bal
	--- [32mPASS[0m: subset3/03-function/call-v.bal
	--- [32mPASS[0m: subset1/01-int/add6-v.bal
	--- [32mPASS[0m: subset1/01-int/add9-v.bal
	--- [32mPASS[0m: subset1/01-int/add7-v.bal
	--- [32mPASS[0m: subset1/01-loop/break2-v.bal
	--- [32mPASS[0m: subset1/01-loop/while03-e.bal
	--- [32mPASS[0m: subset2/02-function/assign-e.bal
	--- [32mPASS[0m: subset1/01-ifelse/2-v.bal
	--- [32mPASS[0m: subset1/01-function/assign2-v.bal
	--- [32mPASS[0m: subset3/03-int/literal-1-v.bal
	--- [32mPASS[0m: subset2/02-any/3-v.bal
	--- [32mPASS[0m: subset1/01-nil/rel-v.bal
	--- [32mPASS[0m: subset1/01-int/order03-v.bal
	--- [32mPASS[0m: subset2/02-dataflow/if-v.bal
	--- [32mPASS[0m: subset2/02-equal/1-e.bal
	--- [32mPASS[0m: subset1/01-boolean/equal1-v.bal
	--- [32mPASS[0m: subset1/01-int/bin-v.bal
	--- [32mPASS[0m: subset2/02-equal/4-e.bal
	--- [32mPASS[0m: subset2/02-any/1-v.bal
	--- [32mPASS[0m: subset2/02-equal/2-e.bal
	--- [32mPASS[0m: subset1/01-loop/while09-v.bal
	--- [32mPASS[0m: subset2/02-dataflow/simple-e.bal
	--- [31mFAIL[0m: io_test.bal
		expected:
			Hello, Ballerina!
		found:
			panic: Semantic error: incompatible arguments for function call
	--- [32mPASS[0m: subset1/01-ifelse/9-v.bal
	--- [32mPASS[0m: subset2/02-dataflow/while2-e.bal
	--- [32mPASS[0m: subset2/02-lib/1-v.bal
	--- [32mPASS[0m: subset1/01-function/call06-v.bal
	--- [32mPASS[0m: subset2/02-bitwise/xor1-v.bal
	--- [32mPASS[0m: subset1/01-function/call05-e.bal
	--- [32mPASS[0m: subset2/02-typecast/8-e.bal
	--- [32mPASS[0m: subset1/01-int/mul1-v.bal
	--- [32mPASS[0m: subset1/01-function/return5-e.bal
	--- [32mPASS[0m: subset2/02-reachability/loop2-v.bal
	--- [32mPASS[0m: subset2/02-dataflow/while-e.bal
	--- [32mPASS[0m: subset1/01-int/op2-v.bal
	--- [32mPASS[0m: subset1/01-function/return1-e.bal
	--- [32mPASS[0m: subset1/01-int/rem1-p.bal
	--- [32mPASS[0m: subset1/01-function/call16-v.bal
	--- [32mPASS[0m: subset1/01-function/call08-v.bal
	--- [32mPASS[0m: subset1/01-boolean/equal3-v.bal
	--- [32mPASS[0m: subset1/01-function/call04-v.bal
	--- [32mPASS[0m: subset2/02-equal/7-v.bal
	--- [32mPASS[0m: subset1/01-int/order05-v.bal
	--- [32mPASS[0m: subset1/01-loop/while05-v.bal
	--- [32mPASS[0m: subset1/01-boolean/order2-v.bal
	--- [32mPASS[0m: subset1/01-int/neg-v.bal
	--- [32mPASS[0m: subset1/01-loop/continue2-v.bal
	--- [32mPASS[0m: subset1/01-loop/break3-v.bal
	--- [32mPASS[0m: subset1/01-int/compound-assign-e.bal
	--- [32mPASS[0m: subset2/02-typecast/3-v.bal
	--- [32mPASS[0m: subset2/02-nil/return-v.bal
	--- [32mPASS[0m: subset1/01-int/rem4-v.bal
	--- [32mPASS[0m: subset1/01-int/rem2-v.bal
	--- [32mPASS[0m: subset1/01-loop/while01-e.bal
	--- [32mPASS[0m: subset1/01-int/negate-e.bal
	--- [32mPASS[0m: subset1/01-function/1-v.bal
	--- [32mPASS[0m: subset2/02-any/5-v.bal
	--- [32mPASS[0m: subset2/02-error-constructor/error-constructor-no-args-e.bal
	--- [32mPASS[0m: subset1/01-loop/while07-v.bal
	--- [32mPASS[0m: subset1/01-int/add5-v.bal
	--- [32mPASS[0m: subset2/02-typecast/1-e.bal
	--- [32mPASS[0m: subset2/02-nil/equal-v.bal
	--- [32mPASS[0m: subset1/01-int/order08-v.bal
	--- [32mPASS[0m: subset1/01-int/unary-v.bal
	--- [32mPASS[0m: subset1/01-ifelse/7-v.bal
	--- [32mPASS[0m: subset1/01-int/order10-v.bal
	--- [32mPASS[0m: subset2/02-any/4-v.bal
	--- [32mPASS[0m: subset1/01-ifelse/8-v.bal
	--- [32mPASS[0m: subset1/01-int/mod-v.bal
	--- [32mPASS[0m: subset1/01-function/call12-v.bal
	--- [32mPASS[0m: subset3/03-function/direct-call-v.bal
	--- [32mPASS[0m: subset1/01-ifelse/6-v.bal
	--- [32mPASS[0m: subset2/02-typecast/7-v.bal
	--- [32mPASS[0m: subset1/01-int/sub3-v.bal
	--- [32mPASS[0m: subset1/01-int/compound-assign-v.bal
192 RUN
191 [32mPASSED[0m
1 [31mFAILED[0m
FAILED Tests
io_test.bal
--- FAIL: TestIntegrationSuite (0.86s)
FAIL
FAIL	ballerina-lang-go/corpus	0.949s
FAIL
